node : (node:68568) MaxListenersExceededWarning: Possible EventEmitter memory l
eak detected. 11 uncaughtException listeners added to [process]. MaxListeners i
s 10. Use emitter.setMaxListeners() to increase limit
所在位置 行:1 字符: 1
+ node node_modules/jest/bin/jest --testPathPatterns c11600205 2>test-r ...
+ ~~~~~~~~~~~~~~~~~~~~~~~~~~~~~~~~~~~~~~~~~~~~~~~~~~~~~~~~~~~~~~~~~~~~~
    + CategoryInfo          : NotSpecified: ((node:68568) Ma... increase limit 
   :String) [], RemoteException
    + FullyQualifiedErrorId : NativeCommandError
 
(Use `node --trace-warnings ...` to show where the warning was created)
(node:68568) MaxListenersExceededWarning: Possible EventEmitter memory leak det
ected. 11 unhandledRejection listeners added to [process]. MaxListeners is 10. 
Use emitter.setMaxListeners() to increase limit
Test Suites: 1 passed, 1 total
Tests:       12 passed, 12 total
Snapshots:   0 total
Time:        1.97 s, estimated 3 s
Ran all test suites matching c11600205.
